
> prisma-ia@0.1.0 build
> next build

  Ôû▓ Next.js 14.2.22
  - Environments: .env

   Creating an optimized production build ...
 Ô£ô Compiled successfully
   Linting and checking validity of types ...
node.exe : 
En línea: 1 Carácter: 1
+ & "C:\Program 
Files\nodejs/node.exe" "C:\Us
ers\LENOVO\AppData\Roaming 
...
+ ~~~~~~~~~~~~~~~~~~~~~~~~~~~
~~~~~~~~~~~~~~~~~~~~~~~~~~~~~
~~~~~~~~~~~~~
    + CategoryInfo           
   : NotSpecified: (:String  
  ) [], RemoteException
    + FullyQualifiedErrorId  
   : NativeCommandError
 
Failed to compile.

./app/api/valuation/generate/
route.ts
62:19  Error: Unexpected 
any. Specify a different 
type.  @typescript-eslint/no-
explicit-any

./app/asesor/calendario/page.
tsx
45:40  Error: Unexpected 
any. Specify a different 
type.  @typescript-eslint/no-
explicit-any
62:6  Warning: React Hook 
useEffect has a missing 
dependency: 'fetchData'. 
Either include it or remove 
the dependency array.  
react-hooks/exhaustive-deps
84:14  Error: 'error' is 
defined but never used.  @typ
escript-eslint/no-unused-vars

./app/asesor/dashboard/page.t
sx
39:42  Error: Unexpected 
any. Specify a different 
type.  @typescript-eslint/no-
explicit-any
48:26  Error: 'error' is 
assigned a value but never 
used.  @typescript-eslint/no-
unused-vars
181:51  Error: Unexpected 
any. Specify a different 
type.  @typescript-eslint/no-
explicit-any
217:47  Error: Unexpected 
any. Specify a different 
type.  @typescript-eslint/no-
explicit-any

./app/asesor/leads/page.tsx
55:6  Warning: React Hook 
useEffect has a missing 
dependency: 'supabase.auth'. 
Either include it or remove 
the dependency array.  
react-hooks/exhaustive-deps

./app/asesor/pipeline/page.ts
x
48:6  Warning: React Hook 
useEffect has a missing 
dependency: 'supabase.auth'. 
Either include it or remove 
the dependency array.  
react-hooks/exhaustive-deps

./app/asesor/propiedades/page
.tsx
47:63  Error: Unexpected 
any. Specify a different 
type.  @typescript-eslint/no-
explicit-any
73:6  Warning: React Hook 
useEffect has a missing 
dependency: 'supabase.auth'. 
Either include it or remove 
the dependency array.  
react-hooks/exhaustive-deps

./app/director/asesores/page.
tsx
57:55  Error: Unexpected 
any. Specify a different 
type.  @typescript-eslint/no-
explicit-any
63:69  Error: Unexpected 
any. Specify a different 
type.  @typescript-eslint/no-
explicit-any
94:14  Error: '_error' is 
defined but never used.  @typ
escript-eslint/no-unused-vars
116:14  Error: '_error' is 
defined but never used.  @typ
escript-eslint/no-unused-vars

./app/director/calendario/pag
e.tsx
17:16  Error: 'CardContent' 
is defined but never used.  @
typescript-eslint/no-unused-v
ars
54:55  Error: Unexpected 
any. Specify a different 
type.  @typescript-eslint/no-
explicit-any
55:10  Error: 'loading' is 
assigned a value but never 
used.  @typescript-eslint/no-
unused-vars
57:55  Error: Unexpected 
any. Specify a different 
type.  @typescript-eslint/no-
explicit-any
64:6  Warning: React Hook 
useEffect has a missing 
dependency: 'fetchData'. 
Either include it or remove 
the dependency array.  
react-hooks/exhaustive-deps
102:14  Error: '_error' is 
defined but never used.  @typ
escript-eslint/no-unused-vars

./app/director/documentacion/
page.tsx
43:61  Error: Unexpected 
any. Specify a different 
type.  @typescript-eslint/no-
explicit-any
63:14  Error: '_error' is 
defined but never used.  @typ
escript-eslint/no-unused-vars
72:6  Warning: React Hook 
useEffect has a missing 
dependency: 'fetchDocs'. 
Either include it or remove 
the dependency array.  
react-hooks/exhaustive-deps
122:14  Error: '_error' is 
defined but never used.  @typ
escript-eslint/no-unused-vars
137:14  Error: '_error' is 
defined but never used.  @typ
escript-eslint/no-unused-vars

./app/director/leads/page.tsx
60:53  Error: Unexpected 
any. Specify a different 
type.  @typescript-eslint/no-
explicit-any
61:55  Error: Unexpected 
any. Specify a different 
type.  @typescript-eslint/no-
explicit-any
78:14  Error: '_error' is 
defined but never used.  @typ
escript-eslint/no-unused-vars
250:26  Error: Unexpected 
any. Specify a different 
type.  @typescript-eslint/no-
explicit-any
258:63  Error: Unexpected 
any. Specify a different 
type.  @typescript-eslint/no-
explicit-any
281:14  Error: '_error' is 
defined but never used.  @typ
escript-eslint/no-unused-vars
314:14  Error: '_error' is 
defined but never used.  @typ
escript-eslint/no-unused-vars
397:56  Error: Unexpected 
any. Specify a different 
type.  @typescript-eslint/no-
explicit-any
511:60  Error: Unexpected 
any. Specify a different 
type.  @typescript-eslint/no-
explicit-any

./app/director/propiedades/pa
ge.tsx
5:3  Error: 'Building2' is 
defined but never used.  @typ
escript-eslint/no-unused-vars
7:3  Error: 'Filter' is 
defined but never used.  @typ
escript-eslint/no-unused-vars
15:3  Error: 'CheckCircle2' 
is defined but never used.  @
typescript-eslint/no-unused-v
ars
36:16  Error: 'TabsContent' 
is defined but never used.  @
typescript-eslint/no-unused-v
ars
50:48  Error: Unexpected 
any. Specify a different 
type.  @typescript-eslint/no-
explicit-any
82:6  Warning: React Hook 
useEffect has a missing 
dependency: 
'fetchProperties'. Either 
include it or remove the 
dependency array.  
react-hooks/exhaustive-deps
96:14  Error: 'error' is 
defined but never used.  @typ
escript-eslint/no-unused-vars
193:21  Warning: Using 
`<img>` could result in 
slower LCP and higher 
bandwidth. Consider using 
`<Image />` from 
`next/image` to 
automatically optimize 
images. This may incur 
additional usage or cost 
from your provider. See: http
s://nextjs.org/docs/messages/
no-img-element  
@next/next/no-img-element
273:27  Warning: Using 
`<img>` could result in 
slower LCP and higher 
bandwidth. Consider using 
`<Image />` from 
`next/image` to 
automatically optimize 
images. This may incur 
additional usage or cost 
from your provider. See: http
s://nextjs.org/docs/messages/
no-img-element  
@next/next/no-img-element
273:27  Warning: img 
elements must have an alt 
prop, either with meaningful 
text, or an empty string for 
decorative images.  
jsx-a11y/alt-text

./app/director/tasaciones/pag
e.tsx
5:3  Error: 'Calculator' is 
defined but never used.  @typ
escript-eslint/no-unused-vars
27:3  Error: 
'CardDescription' is defined 
but never used.  @typescript-
eslint/no-unused-vars
44:10  Error: 'es' is 
defined but never used.  @typ
escript-eslint/no-unused-vars
49:58  Error: Unexpected 
any. Specify a different 
type.  @typescript-eslint/no-
explicit-any
50:56  Error: Unexpected 
any. Specify a different 
type.  @typescript-eslint/no-
explicit-any
66:6  Warning: React Hook 
useEffect has a missing 
dependency: 'fetchHistory'. 
Either include it or remove 
the dependency array.  
react-hooks/exhaustive-deps
98:14  Error: 'error' is 
defined but never used.  @typ
escript-eslint/no-unused-vars

./components/kanban/kanban-bo
ard.tsx
3:31  Error: 'useOptimistic' 
is defined but never used.  @
typescript-eslint/no-unused-v
ars
122:16  Error: 'error' is 
defined but never used.  @typ
escript-eslint/no-unused-vars
129:9  Error: 
'handleCardClick' is 
assigned a value but never 
used.  @typescript-eslint/no-
unused-vars

./components/kanban/kanban-ca
rd.tsx
8:17  Error: 'MessageSquare' 
is defined but never used.  @
typescript-eslint/no-unused-v
ars

./components/kanban/types.ts
3:3  Error: 'Mail' is 
defined but never used.  @typ
escript-eslint/no-unused-vars

./lib/queries/director.ts
53:44  Error: Unexpected 
any. Specify a different 
type.  @typescript-eslint/no-
explicit-any
64:41  Error: 'agencyId' is 
defined but never used.  @typ
escript-eslint/no-unused-vars

./lib/supabase/server.ts
18:20  Error: 'error' is 
defined but never used.  @typ
escript-eslint/no-unused-vars
27:20  Error: 'error' is 
defined but never used.  @typ
escript-eslint/no-unused-vars

./lib/tokko.ts
27:56  Error: '_daysBack' is 
assigned a value but never 
used.  @typescript-eslint/no-
unused-vars

info  - Need to disable some 
ESLint rules? Learn more 
here: https://nextjs.org/docs
/basic-features/eslint#disabl
ing-rules
