
> prisma-ia@0.1.0 build
> next build

  Ôû▓ Next.js 14.2.22
  - Environments: .env

   Creating an optimized production build ...
node.exe : Failed to 
compile.
En línea: 1 Carácter: 
1
+ & "C:\Program Files\
nodejs/node.exe" "C:\U
sers\LENOVO\AppData\Ro
aming ...
+ ~~~~~~~~~~~~~~~~~~~~
~~~~~~~~~~~~~~~~~~~~~~
~~~~~~~~~~~~~~~~~~~~~~
~~~~~
    + CategoryInfo    
          : NotSpeci  
  fied: (Failed to    
 compile.:String)     
[], RemoteExcepti    
on
    + FullyQualifiedE 
   rrorId : NativeCo  
  mmandError
 

app\(asesor)\calendari
o\page.tsx
You cannot have two 
parallel pages that 
resolve to the same 
path. Please check /(a
sesor)/calendario/page
 and /(director)/calen
dario/page. Refer to 
the route group docs 
for more information: 
https://nextjs.org/doc
s/app/building-your-ap
plication/routing/rout
e-groups

app\(asesor)\dashboard
\page.tsx
You cannot have two 
parallel pages that 
resolve to the same 
path. Please check /(a
sesor)/dashboard/page 
and /(director)/dashbo
ard/page. Refer to 
the route group docs 
for more information: 
https://nextjs.org/doc
s/app/building-your-ap
plication/routing/rout
e-groups

app\(asesor)\leads\pag
e.tsx
You cannot have two 
parallel pages that 
resolve to the same 
path. Please check 
/(asesor)/leads/page 
and /(director)/leads/
page. Refer to the 
route group docs for 
more information: http
s://nextjs.org/docs/ap
p/building-your-applic
ation/routing/route-gr
oups

app\(asesor)\pipeline\
page.tsx
You cannot have two 
parallel pages that 
resolve to the same 
path. Please check /(a
sesor)/pipeline/page 
and /(director)/pipeli
ne/page. Refer to the 
route group docs for 
more information: http
s://nextjs.org/docs/ap
p/building-your-applic
ation/routing/route-gr
oups

app\(asesor)\propiedad
es\page.tsx
You cannot have two 
parallel pages that 
resolve to the same 
path. Please check /(a
sesor)/propiedades/pag
e and /(director)/prop
iedades/page. Refer 
to the route group 
docs for more 
information: https://n
extjs.org/docs/app/bui
lding-your-application
/routing/route-groups


> Build failed 
because of webpack 
errors
