  Ôû▓ Next.js 14.2.24
  - Environments: .env.local, .env

   Creating an optimized production build ...
 Ô£ô Compiled successfully
   Skipping validation of types
   Skipping linting
   Collecting page data ...
   Generating static pages (0/84) ...
   Generating static pages (21/84) 
node.exe :  ÔÜá metadataBase property in metadata export is not set for resolving social open graph or twitter images, 
using "http://localhost:3000". See https://nextjs.org/docs/app/api-reference/functions/generate-metadata#metadatabase
En línea: 1 Carácter: 1
+ & "C:\Program Files\nodejs/node.exe" "C:\Users\LENOVO\AppData\Roaming ...
+ ~~~~~~~~~~~~~~~~~~~~~~~~~~~~~~~~~~~~~~~~~~~~~~~~~~~~~~~~~~~~~~~~~~~~~
    + CategoryInfo          : NotSpecified: ( ÔÜá metadataBa...ta#metadatabase:String) [], RemoteException
    + FullyQualifiedErrorId : NativeCommandError
 
 ÔÜá metadataBase property in metadata export is not set for resolving social open graph or twitter images, using 
"http://localhost:3000". See https://nextjs.org/docs/app/api-reference/functions/generate-metadata#metadatabase
 ÔÜá metadataBase property in metadata export is not set for resolving social open graph or twitter images, using 
"http://localhost:3000". See https://nextjs.org/docs/app/api-reference/functions/generate-metadata#metadatabase
 ÔÜá metadataBase property in metadata export is not set for resolving social open graph or twitter images, using 
"http://localhost:3000". See https://nextjs.org/docs/app/api-reference/functions/generate-metadata#metadatabase
 ÔÜá metadataBase property in metadata export is not set for resolving social open graph or twitter images, using 
"http://localhost:3000". See https://nextjs.org/docs/app/api-reference/functions/generate-metadata#metadatabase
 ÔÜá metadataBase property in metadata export is not set for resolving social open graph or twitter images, using 
"http://localhost:3000". See https://nextjs.org/docs/app/api-reference/functions/generate-metadata#metadatabase
 ÔÜá metadataBase property in metadata export is not set for resolving social open graph or twitter images, using 
"http://localhost:3000". See https://nextjs.org/docs/app/api-reference/functions/generate-metadata#metadatabase
 ÔÜá metadataBase property in metadata export is not set for resolving social open graph or twitter images, using 
"http://localhost:3000". See https://nextjs.org/docs/app/api-reference/functions/generate-metadata#metadatabase
 ÔÜá metadataBase property in metadata export is not set for resolving social open graph or twitter images, using 
"http://localhost:3000". See https://nextjs.org/docs/app/api-reference/functions/generate-metadata#metadatabase
 ÔÜá metadataBase property in metadata export is not set for resolving social open graph or twitter images, using 
"http://localhost:3000". See https://nextjs.org/docs/app/api-reference/functions/generate-metadata#metadatabase
   Generating static pages (42/84) 
 ÔÜá metadataBase property in metadata export is not set for resolving social open graph or twitter images, using 
"http://localhost:3000". See https://nextjs.org/docs/app/api-reference/functions/generate-metadata#metadatabase
   Generating static pages (63/84) 
 Ô£ô Generating static pages (84/84)
   Finalizing page optimization ...
   Collecting build traces ...

Route (app)                                      Size     First Load JS
Ôöî Ôùï /                                            5.44 kB         100 kB
Ôö£ Ôùï /_not-found                                  168 B          88.1 kB
Ôö£ Ôùï /admin-login                                 1.77 kB        89.7 kB
Ôö£ ãÆ /admin-vakdor                                168 B          88.1 kB
Ôö£ ãÆ /admin-vakdor/agencias                       1.91 kB        89.9 kB
Ôö£ ãÆ /admin-vakdor/agencias/[id]                  4.69 kB        92.7 kB
Ôö£ ãÆ /admin-vakdor/bloqueados                     1.12 kB        89.1 kB
Ôö£ ãÆ /admin-vakdor/dashboard                      4.81 kB        92.8 kB
Ôö£ ãÆ /admin-vakdor/login                          1.5 kB         89.5 kB
Ôö£ ãÆ /admin-vakdor/sugerencias                    2.13 kB        90.1 kB
Ôö£ ãÆ /admin-vakdor/sugerencias/[id]               1.99 kB          90 kB
Ôö£ ãÆ /api/admin-vakdor/agencias                   0 B                0 B
Ôö£ ãÆ /api/admin-vakdor/agencias/[id]              0 B                0 B
Ôö£ ãÆ /api/admin-vakdor/agencias/[id]/creditos     0 B                0 B
Ôö£ ãÆ /api/admin-vakdor/agencias/[id]/estado       0 B                0 B
Ôö£ ãÆ /api/admin-vakdor/agencias/[id]/pagos        0 B                0 B
Ôö£ ãÆ /api/admin-vakdor/agencias/[id]/sugerencias  0 B                0 B
Ôö£ ãÆ /api/admin-vakdor/agencias/[id]/tokko-stats  0 B                0 B
Ôö£ ãÆ /api/admin-vakdor/asesores/[id]/estado       0 B                0 B
Ôö£ ãÆ /api/admin-vakdor/bloqueados                 0 B                0 B
Ôö£ ãÆ /api/admin-vakdor/dashboard/metricas         0 B                0 B
Ôö£ ãÆ /api/admin-vakdor/directores/[id]/estado     0 B                0 B
Ôö£ ãÆ /api/admin-vakdor/login                      0 B                0 B
Ôö£ ãÆ /api/admin-vakdor/logout                     0 B                0 B
Ôö£ ãÆ /api/admin-vakdor/pagos/[pago_id]            0 B                0 B
Ôö£ ãÆ /api/admin-vakdor/sugerencias                0 B                0 B
Ôö£ ãÆ /api/admin-vakdor/sugerencias/[id]           0 B                0 B
Ôö£ ãÆ /api/admin-vakdor/sugerencias/[id]/estado    0 B                0 B
Ôö£ ãÆ /api/admin-vakdor/sugerencias/metricas       0 B                0 B
Ôö£ ãÆ /api/admin-vakdor/usuarios/[id]/desbloquear  0 B                0 B
Ôö£ ãÆ /api/ai/analyze-chat                         0 B                0 B
Ôö£ ãÆ /api/ai/consultor                            0 B                0 B
Ôö£ ãÆ /api/ai/tutor                                0 B                0 B
Ôö£ ãÆ /api/asesor/creditos                         0 B                0 B
Ôö£ ãÆ /api/auth/check-status                       0 B                0 B
Ôö£ ãÆ /api/contract-templates                      0 B                0 B
Ôö£ ãÆ /api/contract-templates/[id]                 0 B                0 B
Ôö£ ãÆ /api/contract-templates/[id]/activate        0 B                0 B
Ôö£ ãÆ /api/contratos                               0 B                0 B
Ôö£ ãÆ /api/contratos/[id]                          0 B                0 B
Ôö£ ãÆ /api/contratos/[id]/signatures               0 B                0 B
Ôö£ ãÆ /api/contratos/convert-template              0 B                0 B
Ôö£ ãÆ /api/contratos/generate-pdf                  0 B                0 B
Ôö£ Ôùï /api/debug/env-check                         0 B                0 B
Ôö£ ãÆ /api/debug/rls-check                         0 B                0 B
Ôö£ ãÆ /api/documents/extract                       0 B                0 B
Ôö£ ãÆ /api/documents/process                       0 B                0 B
Ôö£ ãÆ /api/marketing-ia/generate-batch             0 B                0 B
Ôö£ ãÆ /api/marketing-ia/generate-copy              0 B                0 B
Ôö£ ãÆ /api/marketing-ia/generate-image             0 B                0 B
Ôö£ ãÆ /api/marketing-ia/settings                   0 B                0 B
Ôö£ ãÆ /api/marketing-ia/settings/upload-logo       0 B                0 B
Ôö£ ãÆ /api/marketing-ia/tokko-search               0 B                0 B
Ôö£ ãÆ /api/mercado/refresh                         0 B                0 B
Ôö£ ãÆ /api/mercado/sync                            0 B                0 B
Ôö£ ãÆ /api/mercado/zonaprop                        0 B                0 B
Ôö£ ãÆ /api/messages/bot-reply                      0 B                0 B
Ôö£ ãÆ /api/n8n/reply                               0 B                0 B
Ôö£ ãÆ /api/push/subscribe                          0 B                0 B
Ôö£ ãÆ /api/tokko-proxy/[...path]                   0 B                0 B
Ôö£ ãÆ /api/tokko/sync                              0 B                0 B
Ôö£ ãÆ /api/tokko/sync-leads                        0 B                0 B
Ôö£ ãÆ /api/valuation/generate                      0 B                0 B
Ôö£ ãÆ /api/webhooks/evolution                      0 B                0 B
Ôö£ ãÆ /api/webhooks/meta                           0 B                0 B
Ôö£ ãÆ /api/whatsapp/ai-settings/knowledge-upload   0 B                0 B
Ôö£ ãÆ /asesor                                      168 B          88.1 kB
Ôö£ ãÆ /asesor/calendario                           3.35 kB         233 kB
Ôö£ ãÆ /asesor/configuracion                        12.4 kB         180 kB
Ôö£ ãÆ /asesor/consultor-ia                         10.9 kB         195 kB
Ôö£ ãÆ /asesor/contratos-ia                         188 B           305 kB
Ôö£ ãÆ /asesor/dashboard                            859 B           426 kB
Ôö£ ãÆ /asesor/documentos                           12.9 kB         192 kB
Ôö£ ãÆ /asesor/feedback                             152 B           136 kB
Ôö£ ãÆ /asesor/leads                                1.97 kB         222 kB
Ôö£ ãÆ /asesor/leads-whatsapp                       179 B           218 kB
Ôö£ ãÆ /asesor/leads-whatsapp/[id]                  2.28 kB         217 kB
Ôö£ ãÆ /asesor/leads/[id]                           12.1 kB         182 kB
Ôö£ ãÆ /asesor/marketing-ia                         5.07 kB         265 kB
Ôö£ ãÆ /asesor/mercado                              156 B           222 kB
Ôö£ ãÆ /asesor/pipeline                             3.05 kB         225 kB
Ôö£ ãÆ /asesor/propiedades                          10.7 kB         213 kB
Ôö£ ãÆ /asesor/propiedades/[id]                     5.57 kB         172 kB
Ôö£ ãÆ /asesor/tasaciones                           2.63 kB         219 kB
Ôö£ ãÆ /asesor/tracking-performance                 302 B           252 kB
Ôö£ ãÆ /asesor/tutor-ia                             4.62 kB         139 kB
Ôö£ ãÆ /asesor/whatsapp                             127 kB          346 kB
Ôö£ Ôùï /auth/auth-code-error                        863 B          95.7 kB
Ôö£ ãÆ /auth/callback                               0 B                0 B
Ôö£ Ôùï /auth/forgot-password                        4.24 kB         119 kB
Ôö£ Ôùï /auth/login                                  4.38 kB         109 kB
Ôö£ Ôùï /auth/register                               7.48 kB         117 kB
Ôö£ Ôùï /auth/reset-password                         4.24 kB         109 kB
Ôö£ Ôùï /contact                                     3.93 kB         158 kB
Ôö£ ãÆ /director                                    168 B          88.1 kB
Ôö£ ãÆ /director/asesor-ia-whatsapp                 1.92 kB         115 kB
Ôö£ ãÆ /director/asesores                           9.85 kB         205 kB
Ôö£ ãÆ /director/calendario                         5.74 kB         236 kB
Ôö£ ãÆ /director/configuracion                      16.9 kB         191 kB
Ôö£ ãÆ /director/consultor                          10.9 kB         195 kB
Ôö£ ãÆ /director/contratos-ia                       188 B           305 kB
Ôö£ ãÆ /director/dashboard                          19 kB           532 kB
Ôö£ ãÆ /director/documentos                         11.4 kB         215 kB
Ôö£ ãÆ /director/feedback                           152 B           136 kB
Ôö£ ãÆ /director/leads                              7.81 kB         228 kB
Ôö£ ãÆ /director/leads-whatsapp                     179 B           218 kB
Ôö£ ãÆ /director/leads-whatsapp/[id]                2.28 kB         217 kB
Ôö£ ãÆ /director/leads/[id]                         12.1 kB         182 kB
Ôö£ ãÆ /director/marketing-ia                       4.59 kB         269 kB
Ôö£ ãÆ /director/mercado                            156 B           222 kB
Ôö£ ãÆ /director/pipeline                           3.78 kB         246 kB
Ôö£ ãÆ /director/propiedades                        6.8 kB          209 kB
Ôö£ ãÆ /director/propiedades/[id]                   5.68 kB         172 kB
Ôö£ ãÆ /director/tasaciones                         2.63 kB         219 kB
Ôö£ ãÆ /director/tracking-performance               224 B           252 kB
Ôö£ ãÆ /director/tutor                              4.66 kB         130 kB
Ôö£ Ôùï /icon.jpg                                    0 B                0 B
Ôö£ Ôùï /icon.png                                    0 B                0 B
Ôö£ Ôùï /legal                                       848 B          88.8 kB
Ôöö Ôùï /terms                                       848 B          88.8 kB
+ First Load JS shared by all                    88 kB
  Ôö£ chunks/2117-209b83ce8411f1df.js              31.8 kB
  Ôö£ chunks/fd9d1056-174d59e82d7d07c8.js          53.6 kB
  Ôöö other shared chunks (total)                  2.58 kB


ãÆ Middleware                                     100 kB

Ôùï  (Static)   prerendered as static content
ãÆ  (Dynamic)  server-rendered on demand

